// Jest Snapshot v1, https://goo.gl/fbAQLP

exports[`DashboardPage Should show DashboardPage page 1`] = `
<div>
  <div
    class="sc-braxZu cCQSSo"
  >
    <div
      data-testid="mock-search-bar-container"
    >
      SearchBar
    </div>
    <div
      data-testid="mock-columns-container"
    >
      <div>
        3
      </div>
      <div>
        2
      </div>
    </div>
  </div>
</div>
`;
